// Jest Snapshot v1, https://goo.gl/fbAQLP

exports[`<CarouselFactory /> is rendered correctly 1`] = `
.c0 {
  display: -webkit-box;
  display: -webkit-flex;
  display: -ms-flexbox;
  display: flex;
  width: 100%;
  overflow: hidden;
}

.c1 {
  display: -webkit-box;
  display: -webkit-flex;
  display: -ms-flexbox;
  display: flex;
  -webkit-box-pack: center;
  -webkit-justify-content: center;
  -ms-flex-pack: center;
  justify-content: center;
  padding-bottom: 2rem;
}

.c2 {
  display: inline-block;
  margin: 0 0.142rem;
  width: 0.5rem;
  height: 0.5rem;
  border-radius: 50%;
  background-color: #f3f6ff;
  -webkit-transition: background-color 0.1s ease 0s;
  transition: background-color 0.1s ease 0s;
}

.c3 {
  display: inline-block;
  margin: 0 0.142rem;
  width: 0.5rem;
  height: 0.5rem;
  border-radius: 50%;
  background-color: #5591f7;
  -webkit-transition: background-color 0.1s ease 0s;
  transition: background-color 0.1s ease 0s;
}

<div>
  <div
    className="c0"
    onMouseDown={[Function]}
    onMouseUp={[Function]}
  />
  <div
    className="c1"
  >
    <span
      className="c2"
    />
    <span
      className="c3"
    />
    <span
      className="c3"
    />
  </div>
</div>
`;

exports[`<CarouselFactory /> is rendered correctly 2`] = `
.c0 {
  display: -webkit-box;
  display: -webkit-flex;
  display: -ms-flexbox;
  display: flex;
  width: 100%;
  overflow: hidden;
}

.c1 {
  display: -webkit-box;
  display: -webkit-flex;
  display: -ms-flexbox;
  display: flex;
  -webkit-box-pack: center;
  -webkit-justify-content: center;
  -ms-flex-pack: center;
  justify-content: center;
  padding-bottom: 2rem;
}

.c2 {
  display: inline-block;
  margin: 0 0.142rem;
  width: 0.5rem;
  height: 0.5rem;
  border-radius: 50%;
  background-color: #f3f6ff;
  -webkit-transition: background-color 0.1s ease 0s;
  transition: background-color 0.1s ease 0s;
}

.c3 {
  display: inline-block;
  margin: 0 0.142rem;
  width: 0.5rem;
  height: 0.5rem;
  border-radius: 50%;
  background-color: #5591f7;
  -webkit-transition: background-color 0.1s ease 0s;
  transition: background-color 0.1s ease 0s;
}

<div>
  <div
    className="c0"
    onMouseDown={[Function]}
    onMouseUp={[Function]}
  />
  <div
    className="c1"
  >
    <span
      className="c2"
    />
    <span
      className="c3"
    />
    <span
      className="c3"
    />
  </div>
</div>
`;
