// Jest Snapshot v1, https://goo.gl/fbAQLP

exports[`<App /> is rendered correctly 1`] = `
<app__Wrapper>
  <app__Header>
    <Button>
      Cancel
    </Button>
    <Memo(RateSelector) />
    <Button>
      Exchange
    </Button>
  </app__Header>
  <Memo(CarouselFactory) />
  <app__Triangle />
  <app__TargetCarouselFactory
    areTargetPockets={true}
  />
</app__Wrapper>
`;
