// Jest Snapshot v1, https://goo.gl/fbAQLP

exports[`<App /> is rendered correctly 1`] = `
<app__Wrapper>
  <app__Header>
    <Button>
      Cancel
    </Button>
    <RateSelector
      currencySymbols={
        Object {
          "selectedCurrencySymbol": "£",
          "targetCurrencySymbol": "$",
        }
      }
      rate={1.457}
    />
    <Button>
      Exchange
    </Button>
  </app__Header>
  <Carousel
    pockets={
      Array [
        Object {
          "balance": "You have $53.45",
          "currency": "USD",
          "input": [Function],
          "rate": null,
        },
        Object {
          "balance": "You have €100",
          "currency": "EUR",
          "input": [Function],
          "rate": null,
        },
        Object {
          "balance": "You have £80.15",
          "currency": "GBP",
          "input": [Function],
          "rate": null,
        },
      ]
    }
  />
  <app__Triangle />
  <app__BottomCarousel
    pockets={
      Array [
        Object {
          "balance": "You have $53.45",
          "currency": "USD",
          "input": [Function],
          "rate": "$1 = £1.4570",
        },
        Object {
          "balance": "You have €100",
          "currency": "EUR",
          "input": [Function],
          "rate": "$1 = £1.4570",
        },
        Object {
          "balance": "You have £80.15",
          "currency": "GBP",
          "input": [Function],
          "rate": "$1 = £1.4570",
        },
      ]
    }
  />
</app__Wrapper>
`;
